Microchip MPLAB XC8 Compiler V2.30

Linker command line:

-W-3 --edf=C:\Program Files\Microchip\xc8\v2.30\pic\dat\en_msgs.txt -cn \
  -h+dist/default/production\Microvidefinitivo.X.production.sym \
  --cmf=dist/default/production\Microvidefinitivo.X.production.cmf -z \
  -Q16F887 -oC:\Users\leohd\AppData\Local\Temp\sjvgx2 \
  --defsym=__MPLAB_BUILD=1 \
  -Mdist/default/production/Microvidefinitivo.X.production.map -E1 \
  -ver=XC8 Compiler --acfsm=1493 -ASTACK=0110h-016Fh -pstack=STACK \
  -ACODE=00h-07FFhx4 -ASTRCODE=00h-01FFFh -ASTRING=00h-0FFhx32 \
  -ACONST=00h-0FFhx32 -AENTRY=00h-0FFhx32 -ACOMMON=070h-07Fh \
  -ABANK0=020h-06Fh -ABANK1=0A0h-0EFh -ABANK2=0110h-016Fh \
  -ABANK3=0190h-01EFh -ARAM=020h-06Fh,0A0h-0EFh,0110h-016Fh,0190h-01EFh \
  -AABS1=020h-07Fh,0A0h-0EFh,0110h-016Fh,0190h-01EFh -ASFR0=00h-01Fh \
  -ASFR1=080h-09Fh -ASFR2=0100h-010Fh -ASFR3=0180h-018Fh \
  -ACONFIG=02007h-02008h -DCONFIG=2 -AIDLOC=02000h-02003h -DIDLOC=2 \
  -AEEDATA=00h-0FFh/02100h -peeprom_data=EEDATA -DEEDATA=2 -DCODE=2 \
  -DSTRCODE=2 -DSTRING=2 -DCONST=2 -DENTRY=2 \
  -preset_vec=00h,intentry,init,end_init -ppowerup=CODE -pcinit=CODE \
  -pfunctab=ENTRY -k C:\Users\leohd\AppData\Local\Temp\sjvgxb.o \
  dist/default/production\Microvidefinitivo.X.production.o 

Object code version is 3.11

Machine type is 16F887



                Name                               Link     Load   Length Selector   Space Scale
C:\Users\leohd\AppData\Local\Temp\sjvgxb.o
                end_init                              0        0        3        0       0
                config                             2007     2007        2        0       4
dist/default/production\Microvidefinitivo.X.production.o
                cinit                               7EA      7EA       16      FD4       0
                config                             2007     2007        2        0       4
                text1                               703      703       17      E06       0
                maintext                            71A      71A       D0      E34       0
                cstackBANK0                          20       20       40       20       1
                cstackCOMMON                         70       70        8       70       1
                cstackBANK1                          A0       A0       32       A0       1
                inittext                            6F0      6F0       13      DE0       0
                dataBANK0                            60       60        A       20       1
                bssCOMMON                            78       78        4       70       1
                idataBANK0                          6E6      6E6        A      DCC       0

TOTAL           Name                               Link     Load   Length     Space
        CLASS   STACK          

        CLASS   CODE           
                end_init                              0        0        3         0
                cinit                               7EA      7EA       16         0
                text1                               703      703       17         0
                maintext                            71A      71A       D0         0
                inittext                            6F0      6F0       13         0
                idataBANK0                          6E6      6E6        A         0

        CLASS   STRCODE        

        CLASS   STRING         

        CLASS   CONST          

        CLASS   ENTRY          

        CLASS   COMMON         
                cstackCOMMON                         70       70        8         1
                bssCOMMON                            78       78        4         1

        CLASS   BANK0          
                cstackBANK0                          20       20       40         1
                dataBANK0                            60       60        A         1

        CLASS   BANK1          
                cstackBANK1                          A0       A0       32         1

        CLASS   BANK2          

        CLASS   BANK3          

        CLASS   RAM            

        CLASS   ABS1           
                abs_s1                               7E       7E        2         1

        CLASS   SFR0           

        CLASS   SFR1           

        CLASS   SFR2           

        CLASS   SFR3           

        CLASS   CONFIG         
                config                             2007     2007        2         4

        CLASS   IDLOC          

        CLASS   EEDATA         



SEGMENTS        Name                           Load    Length   Top    Selector   Space  Class     Delta

                reset_vec                      000000  000003  000003         0       0  CODE        2
                cstackBANK0                    000020  00004A  00006A        20       1  BANK0       1
                cstackCOMMON                   000070  00000C  00007C        70       1  COMMON      1
                cstackBANK1                    0000A0  000032  0000D2        A0       1  BANK1       1
                idataBANK0                     0006E6  00000A  0006F0       DCC       0  CODE        2
                inittext                       0006F0  000013  000703       DE0       0  CODE        2
                text1                          000703  000017  00071A       E06       0  CODE        2
                maintext                       00071A  0000D0  0007EA       E34       0  CODE        2
                cinit                          0007EA  000016  000800       FD4       0  CODE        2


UNUSED ADDRESS RANGES

        Name                Unused          Largest block    Delta
        BANK0            006A-006F              6           1
        BANK1            00D2-00EF             1E           1
        BANK2            0110-016F             60           1
        BANK3            0190-01EF             60           1
        CODE             0003-06E5            6E3           2
                         0800-1FFF            800
        COMMON           007C-007D              2           1
        CONST            0003-06E5            100           2
                         0800-1FFF            100
        EEDATA           2100-21FF            100           2
        ENTRY            0003-06E5            100           2
                         0800-1FFF            100
        IDLOC            2000-2003              4           2
        RAM              006A-006F              6           1
                         00D2-00EF             1E
                         0110-016F             60
                         0190-01EF             60
        SFR0             0000-001F             20           1
        SFR1             0080-009F             20           1
        SFR2             0100-010F             10           1
        SFR3             0180-018F             10           1
        STACK            0110-016F             60           1
        STRCODE          0003-06E5            6E3           2
                         0800-1FFF           1800
        STRING           0003-06E5            100           2
                         0800-1FFF            100

                                  Symbol Table

_ADCON0                  (abs)        001F
_ADCON0bits              (abs)        001F
_ADCON1                  (abs)        009F
_ADRESH                  (abs)        001E
_ADRESL                  (abs)        009E
_ANSEL                   (abs)        0188
_ANSELH                  (abs)        0189
_BRGH                    (abs)        04C2
_CREN                    (abs)        00C4
_INTCON                  (abs)        000B
_OSCCON                  (abs)        008F
_PIE1                    (abs)        008C
_PORTA                   (abs)        0005
_PORTB                   (abs)        0006
_PORTC                   (abs)        0007
_PORTD                   (abs)        0008
_RESULTHI                bssCOMMON    007A
_RESULTLO                bssCOMMON    0078
_SPBRG                   (abs)        0099
_SPEN                    (abs)        00C7
_SYNC                    (abs)        04C4
_TRISA                   (abs)        0085
_TRISB                   (abs)        0086
_TRISC                   (abs)        0087
_TRISD                   (abs)        0088
_TXEN                    (abs)        04C5
_TXREG                   (abs)        0019
_TXSTAbits               (abs)        0098
__Habs1                  abs1         0000
__Hbank0                 bank0        0000
__Hbank1                 bank1        0000
__Hbank2                 bank2        0000
__Hbank3                 bank3        0000
__HbssCOMMON             bssCOMMON    0000
__Hcinit                 cinit        0800
__Hclrtext               clrtext      0000
__Hcode                  code         0000
__Hcommon                common       0000
__Hconfig                config       2009
__HcstackBANK0           cstackBANK0  0000
__HcstackBANK1           cstackBANK1  0000
__HcstackCOMMON          cstackCOMMON 0000
__HdataBANK0             dataBANK0    0000
__Heeprom_data           eeprom_data  0000
__Hend_init              end_init     0003
__Hfunctab               functab      0000
__HidataBANK0            idataBANK0   0000
__Hinit                  init         0000
__Hinittext              inittext     0000
__Hintentry              intentry     0000
__Hmaintext              maintext     0000
__Hpowerup               powerup      0000
__Hram                   ram          0000
__Hreset_vec             reset_vec    0000
__Hsfr0                  sfr0         0000
__Hsfr1                  sfr1         0000
__Hsfr2                  sfr2         0000
__Hsfr3                  sfr3         0000
__Hspace_0               (abs)        0800
__Hspace_1               (abs)        00D2
__Hspace_2               (abs)        0000
__Hspace_3               (abs)        0000
__Hspace_4               (abs)        4010
__Hstack                 stack        0000
__Hstrings               strings      0000
__Htext                  text         0000
__Labs1                  abs1         0000
__Lbank0                 bank0        0000
__Lbank1                 bank1        0000
__Lbank2                 bank2        0000
__Lbank3                 bank3        0000
__LbssCOMMON             bssCOMMON    0000
__Lcinit                 cinit        07EA
__Lclrtext               clrtext      0000
__Lcode                  code         0000
__Lcommon                common       0000
__Lconfig                config       0000
__LcstackBANK0           cstackBANK0  0000
__LcstackBANK1           cstackBANK1  0000
__LcstackCOMMON          cstackCOMMON 0000
__LdataBANK0             dataBANK0    0000
__Leeprom_data           eeprom_data  0000
__Lend_init              end_init     0000
__Lfunctab               functab      0000
__LidataBANK0            idataBANK0   0000
__Linit                  init         0000
__Linittext              inittext     0000
__Lintentry              intentry     0000
__Lmaintext              maintext     0000
__Lpowerup               powerup      0000
__Lram                   ram          0000
__Lreset_vec             reset_vec    0000
__Lsfr0                  sfr0         0000
__Lsfr1                  sfr1         0000
__Lsfr2                  sfr2         0000
__Lsfr3                  sfr3         0000
__Lspace_0               (abs)        0000
__Lspace_1               (abs)        0000
__Lspace_2               (abs)        0000
__Lspace_3               (abs)        0000
__Lspace_4               (abs)        0000
__Lstack                 stack        0000
__Lstrings               strings      0000
__Ltext                  text         0000
__S0                     (abs)        0800
__S1                     (abs)        00D2
__S2                     (abs)        0000
__S3                     (abs)        0000
___int_sp                stack        0000
___latbits               (abs)        0002
___sp                    stack        0000
___stackhi               (abs)        0000
___stacklo               (abs)        0000
__end_of__initialization cinit        07FC
__end_of_delay           text1        071A
__end_of_main            maintext     07EA
__initialization         cinit        07EA
__pbssCOMMON             bssCOMMON    0078
__pcstackBANK0           cstackBANK0  0020
__pcstackBANK1           cstackBANK1  00A0
__pcstackCOMMON          cstackCOMMON 0070
__pdataBANK0             dataBANK0    0060
__pidataBANK0            idataBANK0   06E6
__pmaintext              maintext     071A
__ptext1                 text1        0703
__size_of_delay          (abs)        0000
__size_of_main           (abs)        0000
_delay                   text1        0703
_main                    maintext     071A
btemp                    (abs)        007E
delay@i                  cstackCOMMON 0072
delay@time               cstackCOMMON 0070
end_of_initialization    cinit        07FC
init_fetch0              inittext     06F0
init_ram0                inittext     06F4
intlevel0                functab      0000
intlevel1                functab      0000
intlevel2                functab      0000
intlevel3                functab      0000
intlevel4                functab      0000
intlevel5                functab      0000
main@F1273               dataBANK0    0060
main@HI                  cstackBANK0  0020
main@LO                  cstackBANK1  00A0
main@g                   cstackBANK0  0052
main@i                   cstackBANK0  005E
main@o                   cstackBANK0  005C
reset_vec                reset_vec    0000
start                    init         0000
start_initialization     cinit        07EA
wtemp0                   (abs)        007E


FUNCTION INFORMATION:

 *************** function _main *****************
 Defined at:
		line 40 in file "MICROVIDEFINITIVO.c"
 Parameters:    Size  Location     Type
		None
 Auto vars:     Size  Location     Type
  o               2   60[BANK0 ] int 
  LO             50    0[BANK1 ] unsigned char [50]
  HI             50    0[BANK0 ] unsigned char [50]
  g              10   50[BANK0 ] unsigned char [10]
  i               2   62[BANK0 ] int 
 Return value:  Size  Location     Type
                  1    wreg      void 
 Registers used:
		wreg, fsr0l, fsr0h, status,2, status,0, btemp+1, pclath, cstack
 Tracked objects:
		On entry : 
		On exit  : 
		Unchanged: 
 Data sizes:     COMMON   BANK0   BANK1   BANK3   BANK2
      Params:         0       0       0       0       0
      Locals:         0      64      50       0       0
      Temps:          4       0       0       0       0
      Totals:         4      64      50       0       0
Total ram usage:      118 bytes
 Hardware stack levels required when called:    1
 This function calls:
		_delay
 This function is called by:
		Startup code after reset
 This function uses a non-reentrant model


 *************** function _delay *****************
 Defined at:
		line 30 in file "MICROVIDEFINITIVO.c"
 Parameters:    Size  Location     Type
  time            2    0[COMMON] unsigned int 
 Auto vars:     Size  Location     Type
  i               2    2[COMMON] int 
 Return value:  Size  Location     Type
                  1    wreg      void 
 Registers used:
		wreg, status,2, btemp+1
 Tracked objects:
		On entry : 
		On exit  : 
		Unchanged: 
 Data sizes:     COMMON   BANK0   BANK1   BANK3   BANK2
      Params:         2       0       0       0       0
      Locals:         2       0       0       0       0
      Temps:          0       0       0       0       0
      Totals:         4       0       0       0       0
Total ram usage:        4 bytes
 Hardware stack levels used:    1
 This function calls:
		Nothing
 This function is called by:
		_main
 This function uses a non-reentrant model



MODULE INFORMATION

Module		Function		Class		Link	Load	Size
MICROVIDEFINITIVO.c
		_delay         		CODE           	0703	0000	23
		_main          		CODE           	071A	0000	208

MICROVIDEFINITIVO.c estimated size: 231

shared
		__initialization		CODE           	07EA	0000	18

shared estimated size: 18

